// Jest Snapshot v1, https://goo.gl/fbAQLP

exports[`header should render successfully 1`] = `
.c0 {
  color: white;
}

.c1 {
  padding-top: 15px;
  padding-bottom: 15px;
}

.c2 {
  font-size: 2.5rem;
  display: inline-block;
  padding: 10px 0;
  color: inherit;
  -webkit-text-decoration: none;
  text-decoration: none;
}

<div>
  <div
    class="c0"
  >
    <header
      class="c1 container"
    >
      <a
        class="c2"
        href="/"
      >
        JWT
      </a>
    </header>
  </div>
</div>
`;
