// Jest Snapshot v1, https://goo.gl/fbAQLP

exports[`layout should render successfully 1`] = `
.c0 {
  color: white;
}

.c1 {
  padding-top: 15px;
  padding-bottom: 15px;
}

.c2 {
  font-size: 2.5rem;
}

@media (min-width:425px) {

}

@media (min-width:768px) {

}

<div>
  <div
    class="c0"
  >
    <header
      class="c1 container"
    >
      <div
        class="c2"
      >
        JWT
      </div>
    </header>
  </div>
  Test 1
</div>
`;
